WARNING: A terminally deprecated method in sun.misc.Unsafe has been called
WARNING: sun.misc.Unsafe::staticFieldBase has been called by com.google.inject.internal.aop.HiddenClassDefiner (file:/C:/Users/eliah/.m2/wrapper/dists/apache-maven-3.9.11/a2d47e15/lib/guice-5.1.0-classes.jar)
WARNING: Please consider reporting this to the maintainers of class com.google.inject.internal.aop.HiddenClassDefiner
WARNING: sun.misc.Unsafe::staticFieldBase will be removed in a future release
[INFO] Scanning for projects...
[INFO] 
[INFO] ----------------------< com.dh:dentalClinicMVCE >-----------------------
[INFO] Building dentalClinicMVCE 0.0.1-SNAPSHOT
[INFO]   from pom.xml
[INFO] --------------------------------[ jar ]---------------------------------
[INFO] 
[INFO] --- clean:3.3.2:clean (default-clean) @ dentalClinicMVCE ---
[INFO] Deleting C:\Users\eliah\OneDrive\Desktop\clinica-odontologica\clinica spring boot MVC\DentalClinicMio\target
[INFO] 
[INFO] --- resources:3.3.1:resources (default-resources) @ dentalClinicMVCE ---
[INFO] Copying 1 resource from src\main\resources to target\classes
[INFO] Copying 8 resources from src\main\resources to target\classes
[INFO] 
[INFO] --- compiler:3.11.0:compile (default-compile) @ dentalClinicMVCE ---
[INFO] Changes detected - recompiling the module! :source
[INFO] Compiling 32 source files with javac [debug release 17] to target\classes
[INFO] -------------------------------------------------------------
[WARNING] COMPILATION WARNING : 
[INFO] -------------------------------------------------------------
[WARNING] /C:/Users/eliah/OneDrive/Desktop/clinica-odontologica/clinica spring boot MVC/DentalClinicMio/src/main/java/com/dh/dentalClinicMVCE/configuration/SecurityConfiguration.java:[23,17] csrf() in org.springframework.security.config.annotation.web.builders.HttpSecurity has been deprecated and marked for removal
[WARNING] /C:/Users/eliah/OneDrive/Desktop/clinica-odontologica/clinica spring boot MVC/DentalClinicMio/src/main/java/com/dh/dentalClinicMVCE/configuration/SecurityConfiguration.java:[24,17] authorizeHttpRequests() in org.springframework.security.config.annotation.web.builders.HttpSecurity has been deprecated and marked for removal
[INFO] 2 warnings 
[INFO] -------------------------------------------------------------
[INFO] -------------------------------------------------------------
[ERROR] COMPILATION ERROR : 
[INFO] -------------------------------------------------------------
[ERROR] /C:/Users/eliah/OneDrive/Desktop/clinica-odontologica/clinica spring boot MVC/DentalClinicMio/src/main/java/com/dh/dentalClinicMVCE/entity/User.java:[8,32] package org.jspecify.annotations does not exist
[ERROR] /C:/Users/eliah/OneDrive/Desktop/clinica-odontologica/clinica spring boot MVC/DentalClinicMio/src/main/java/com/dh/dentalClinicMVCE/auth/AuthenticationService.java:[21,24] cannot find symbol
  symbol:   method builder()
  location: class com.dh.dentalClinicMVCE.entity.User
[ERROR] /C:/Users/eliah/OneDrive/Desktop/clinica-odontologica/clinica spring boot MVC/DentalClinicMio/src/main/java/com/dh/dentalClinicMVCE/auth/AuthenticationService.java:[22,35] cannot find symbol
  symbol:   method getFirstName()
  location: variable request of type com.dh.dentalClinicMVCE.auth.RegisterRequest
[ERROR] /C:/Users/eliah/OneDrive/Desktop/clinica-odontologica/clinica spring boot MVC/DentalClinicMio/src/main/java/com/dh/dentalClinicMVCE/auth/AuthenticationService.java:[23,34] cannot find symbol
  symbol:   method getLastName()
  location: variable request of type com.dh.dentalClinicMVCE.auth.RegisterRequest
[ERROR] /C:/Users/eliah/OneDrive/Desktop/clinica-odontologica/clinica spring boot MVC/DentalClinicMio/src/main/java/com/dh/dentalClinicMVCE/auth/AuthenticationService.java:[24,31] cannot find symbol
  symbol:   method getEmail()
  location: variable request of type com.dh.dentalClinicMVCE.auth.RegisterRequest
[ERROR] /C:/Users/eliah/OneDrive/Desktop/clinica-odontologica/clinica spring boot MVC/DentalClinicMio/src/main/java/com/dh/dentalClinicMVCE/auth/AuthenticationService.java:[25,57] cannot find symbol
  symbol:   method getPassword()
  location: variable request of type com.dh.dentalClinicMVCE.auth.RegisterRequest
[ERROR] /C:/Users/eliah/OneDrive/Desktop/clinica-odontologica/clinica spring boot MVC/DentalClinicMio/src/main/java/com/dh/dentalClinicMVCE/auth/AuthenticationService.java:[30,38] cannot find symbol
  symbol:   method builder()
  location: class com.dh.dentalClinicMVCE.auth.AuthenticationResponse
[ERROR] /C:/Users/eliah/OneDrive/Desktop/clinica-odontologica/clinica spring boot MVC/DentalClinicMio/src/main/java/com/dh/dentalClinicMVCE/auth/AuthenticationService.java:[37,32] cannot find symbol
  symbol:   method getEmail()
  location: variable request of type com.dh.dentalClinicMVCE.auth.AuthenticationRequest
[ERROR] /C:/Users/eliah/OneDrive/Desktop/clinica-odontologica/clinica spring boot MVC/DentalClinicMio/src/main/java/com/dh/dentalClinicMVCE/auth/AuthenticationService.java:[38,32] cannot find symbol
  symbol:   method getPassword()
  location: variable request of type com.dh.dentalClinicMVCE.auth.AuthenticationRequest
[ERROR] /C:/Users/eliah/OneDrive/Desktop/clinica-odontologica/clinica spring boot MVC/DentalClinicMio/src/main/java/com/dh/dentalClinicMVCE/auth/AuthenticationService.java:[41,48] cannot find symbol
  symbol:   method getEmail()
  location: variable request of type com.dh.dentalClinicMVCE.auth.AuthenticationRequest
[ERROR] /C:/Users/eliah/OneDrive/Desktop/clinica-odontologica/clinica spring boot MVC/DentalClinicMio/src/main/java/com/dh/dentalClinicMVCE/auth/AuthenticationService.java:[43,38] cannot find symbol
  symbol:   method builder()
  location: class com.dh.dentalClinicMVCE.auth.AuthenticationResponse
[ERROR] /C:/Users/eliah/OneDrive/Desktop/clinica-odontologica/clinica spring boot MVC/DentalClinicMio/src/main/java/com/dh/dentalClinicMVCE/entity/User.java:[37,55] cannot find symbol
  symbol:   method getRoleName()
  location: variable role of type com.dh.dentalClinicMVCE.entity.Role
[ERROR] /C:/Users/eliah/OneDrive/Desktop/clinica-odontologica/clinica spring boot MVC/DentalClinicMio/src/main/java/com/dh/dentalClinicMVCE/entity/Role.java:[9,9] constructor Role in enum com.dh.dentalClinicMVCE.entity.Role cannot be applied to given types;
  required: no arguments
  found:    java.lang.String
  reason: actual and formal argument lists differ in length
[ERROR] /C:/Users/eliah/OneDrive/Desktop/clinica-odontologica/clinica spring boot MVC/DentalClinicMio/src/main/java/com/dh/dentalClinicMVCE/entity/Role.java:[10,10] constructor Role in enum com.dh.dentalClinicMVCE.entity.Role cannot be applied to given types;
  required: no arguments
  found:    java.lang.String
  reason: actual and formal argument lists differ in length
[ERROR] /C:/Users/eliah/OneDrive/Desktop/clinica-odontologica/clinica spring boot MVC/DentalClinicMio/src/main/java/com/dh/dentalClinicMVCE/configuration/SecurityConfiguration.java:[25,17] cannot find symbol
  symbol:   method requestMaatchers(java.lang.String)
  location: class org.springframework.security.config.annotation.web.configurers.AuthorizeHttpRequestsConfigurer<org.springframework.security.config.annotation.web.builders.HttpSecurity>.AuthorizationManagerRequestMatcherRegistry
[INFO] 15 errors 
[INFO] -------------------------------------------------------------
[INFO] ------------------------------------------------------------------------
[INFO] BUILD FAILURE
[INFO] ------------------------------------------------------------------------
[INFO] Total time:  9.745 s
[INFO] Finished at: 2025-11-24T17:40:16-05:00
[INFO] ------------------------------------------------------------------------
[ERROR] Failed to execute goal org.apache.maven.plugins:maven-compiler-plugin:3.11.0:compile (default-compile) on project dentalClinicMVCE: Compilation failure: Compilation failure: 
[ERROR] /C:/Users/eliah/OneDrive/Desktop/clinica-odontologica/clinica spring boot MVC/DentalClinicMio/src/main/java/com/dh/dentalClinicMVCE/entity/User.java:[8,32] package org.jspecify.annotations does not exist
[ERROR] /C:/Users/eliah/OneDrive/Desktop/clinica-odontologica/clinica spring boot MVC/DentalClinicMio/src/main/java/com/dh/dentalClinicMVCE/auth/AuthenticationService.java:[21,24] cannot find symbol
[ERROR]   symbol:   method builder()
[ERROR]   location: class com.dh.dentalClinicMVCE.entity.User
[ERROR] /C:/Users/eliah/OneDrive/Desktop/clinica-odontologica/clinica spring boot MVC/DentalClinicMio/src/main/java/com/dh/dentalClinicMVCE/auth/AuthenticationService.java:[22,35] cannot find symbol
[ERROR]   symbol:   method getFirstName()
[ERROR]   location: variable request of type com.dh.dentalClinicMVCE.auth.RegisterRequest
[ERROR] /C:/Users/eliah/OneDrive/Desktop/clinica-odontologica/clinica spring boot MVC/DentalClinicMio/src/main/java/com/dh/dentalClinicMVCE/auth/AuthenticationService.java:[23,34] cannot find symbol
[ERROR]   symbol:   method getLastName()
[ERROR]   location: variable request of type com.dh.dentalClinicMVCE.auth.RegisterRequest
[ERROR] /C:/Users/eliah/OneDrive/Desktop/clinica-odontologica/clinica spring boot MVC/DentalClinicMio/src/main/java/com/dh/dentalClinicMVCE/auth/AuthenticationService.java:[24,31] cannot find symbol
[ERROR]   symbol:   method getEmail()
[ERROR]   location: variable request of type com.dh.dentalClinicMVCE.auth.RegisterRequest
[ERROR] /C:/Users/eliah/OneDrive/Desktop/clinica-odontologica/clinica spring boot MVC/DentalClinicMio/src/main/java/com/dh/dentalClinicMVCE/auth/AuthenticationService.java:[25,57] cannot find symbol
[ERROR]   symbol:   method getPassword()
[ERROR]   location: variable request of type com.dh.dentalClinicMVCE.auth.RegisterRequest
[ERROR] /C:/Users/eliah/OneDrive/Desktop/clinica-odontologica/clinica spring boot MVC/DentalClinicMio/src/main/java/com/dh/dentalClinicMVCE/auth/AuthenticationService.java:[30,38] cannot find symbol
[ERROR]   symbol:   method builder()
[ERROR]   location: class com.dh.dentalClinicMVCE.auth.AuthenticationResponse
[ERROR] /C:/Users/eliah/OneDrive/Desktop/clinica-odontologica/clinica spring boot MVC/DentalClinicMio/src/main/java/com/dh/dentalClinicMVCE/auth/AuthenticationService.java:[37,32] cannot find symbol
[ERROR]   symbol:   method getEmail()
[ERROR]   location: variable request of type com.dh.dentalClinicMVCE.auth.AuthenticationRequest
[ERROR] /C:/Users/eliah/OneDrive/Desktop/clinica-odontologica/clinica spring boot MVC/DentalClinicMio/src/main/java/com/dh/dentalClinicMVCE/auth/AuthenticationService.java:[38,32] cannot find symbol
[ERROR]   symbol:   method getPassword()
[ERROR]   location: variable request of type com.dh.dentalClinicMVCE.auth.AuthenticationRequest
[ERROR] /C:/Users/eliah/OneDrive/Desktop/clinica-odontologica/clinica spring boot MVC/DentalClinicMio/src/main/java/com/dh/dentalClinicMVCE/auth/AuthenticationService.java:[41,48] cannot find symbol
[ERROR]   symbol:   method getEmail()
[ERROR]   location: variable request of type com.dh.dentalClinicMVCE.auth.AuthenticationRequest
[ERROR] /C:/Users/eliah/OneDrive/Desktop/clinica-odontologica/clinica spring boot MVC/DentalClinicMio/src/main/java/com/dh/dentalClinicMVCE/auth/AuthenticationService.java:[43,38] cannot find symbol
[ERROR]   symbol:   method builder()
[ERROR]   location: class com.dh.dentalClinicMVCE.auth.AuthenticationResponse
[ERROR] /C:/Users/eliah/OneDrive/Desktop/clinica-odontologica/clinica spring boot MVC/DentalClinicMio/src/main/java/com/dh/dentalClinicMVCE/entity/User.java:[37,55] cannot find symbol
[ERROR]   symbol:   method getRoleName()
[ERROR]   location: variable role of type com.dh.dentalClinicMVCE.entity.Role
[ERROR] /C:/Users/eliah/OneDrive/Desktop/clinica-odontologica/clinica spring boot MVC/DentalClinicMio/src/main/java/com/dh/dentalClinicMVCE/entity/Role.java:[9,9] constructor Role in enum com.dh.dentalClinicMVCE.entity.Role cannot be applied to given types;
[ERROR]   required: no arguments
[ERROR]   found:    java.lang.String
[ERROR]   reason: actual and formal argument lists differ in length
[ERROR] /C:/Users/eliah/OneDrive/Desktop/clinica-odontologica/clinica spring boot MVC/DentalClinicMio/src/main/java/com/dh/dentalClinicMVCE/entity/Role.java:[10,10] constructor Role in enum com.dh.dentalClinicMVCE.entity.Role cannot be applied to given types;
[ERROR]   required: no arguments
[ERROR]   found:    java.lang.String
[ERROR]   reason: actual and formal argument lists differ in length
[ERROR] /C:/Users/eliah/OneDrive/Desktop/clinica-odontologica/clinica spring boot MVC/DentalClinicMio/src/main/java/com/dh/dentalClinicMVCE/configuration/SecurityConfiguration.java:[25,17] cannot find symbol
[ERROR]   symbol:   method requestMaatchers(java.lang.String)
[ERROR]   location: class org.springframework.security.config.annotation.web.configurers.AuthorizeHttpRequestsConfigurer<org.springframework.security.config.annotation.web.builders.HttpSecurity>.AuthorizationManagerRequestMatcherRegistry
[ERROR] -> [Help 1]
[ERROR] 
[ERROR] To see the full stack trace of the errors, re-run Maven with the -e switch.
[ERROR] Re-run Maven using the -X switch to enable full debug logging.
[ERROR] 
[ERROR] For more information about the errors and possible solutions, please read the following articles:
[ERROR] [Help 1] http://cwiki.apache.org/confluence/display/MAVEN/MojoFailureException
